// Vitest Snapshot v1, https://vitest.dev/guide/snapshot.html

exports[`Pruebas en el componente Button > Match snapshot 1`] = `
<DocumentFragment>
  <button
    data-testid="button"
    type="button"
  >
    Hola mundo
  </button>
</DocumentFragment>
`;
